Script started on 2020-05-07 10:14:42-0500
]0;jacob@DESKTOP-QKT72KA: ~/214/labs/extraCredit[01;32mjacob@DESKTOP-QKT72KA[00m:[01;34m~/214/labs/extraCredit[00m$ clojure
Clojure 1.10.1
user=> (reduce + [1 2 3])
6
user=> (reduce + '(1 2 3))
6
user=> (reduce max [1 2 3])
3
user=> (reduce conj [1 2 3] [4 5 6])
[1 2 3 4 5 6]
user=> (reduce + [1 2 3 4 5])
15
user=> (reduce + 1 [2 3 4 5])
15
user=> (reduce + 1 '(2 3 4 5))
15
user=> (reduce max 5 [4 3 2 1])
5
user=> (reduce bit-or [1 2 3 4])
7
user=> (reduce str ["a" "b" "c"])
"abc"
user=> (reduce + 1 2 [3 4 5])
Execution error (ArityException) at user/eval21 (REPL:1).
Wrong number of args (4) passed to: clojure.core/reduce
user=> (reduce + 1 '(2 3 4) 5)
Execution error (ArityException) at user/eval23 (REPL:1).
Wrong number of args (4) passed to: clojure.core/reduce
user=> (defn csv [seq]  
      (reduce (fn [a b] (str a "," b)) seq)
   )
#'user/csv
user=> (csv [11 22 33])
"11,22,33"
user=> (defn totalItems [seqOfSeqs]
   (reduce + (map count seqOfSeqs))
  )
#'user/totalItems
user=> (totalItems [["Ann"] ["Bob" "Chris"] ["Dan" "Eve" "Fred"]])
6
user=> 
]0;jacob@DESKTOP-QKT72KA: ~/214/labs/extraCredit[01;32mjacob@DESKTOP-QKT72KA[00m:[01;34m~/214/labs/extraCredit[00m$ exit

Script done on 2020-05-07 10:20:48-0500
