Script started on 2020-05-07 09:30:49-0500
]0;jacob@DESKTOP-QKT72KA: ~/214/labs/extraCredit[01;32mjacob@DESKTOP-QKT72KA[00m:[01;34m~/214/labs/extraCredit[00m$ clojure
Clojure 1.10.1
user=> (+ 1 2 3 4 5)
15
user=> 
]0;jacob@DESKTOP-QKT72KA: ~/214/labs/extraCredit[01;32mjacob@DESKTOP-QKT72KA[00m:[01;34m~/214/labs/extraCredit[00m$ exit

Script done on 2020-05-07 09:31:02-0500
Script started on 2020-05-07 09:31:13-0500
]0;jacob@DESKTOP-QKT72KA: ~/214/labs/extraCredit[01;32mjacob@DESKTOP-QKT72KA[00m:[01;34m~/214/labs/extraCredit[00m$ clojure
Clojure 1.10.1
user=> (fn [x] (+ x x))
#object[user$eval136$fn__137 0x9255c05 "user$eval136$fn__137@9255c05"]
user=> ((fn [x] (+ x x)) 21)
42
user=> ((fn [x y] (+ (* x x))  (* y y))) 3 4)
25
user=> 
]0;jacob@DESKTOP-QKT72KA: ~/214/labs/extraCredit[01;32mjacob@DESKTOP-QKT72KA[00m:[01;34m~/214/labs/extraCredit[00m$ exit

Script done on 2020-05-07 09:33:20-0500
Script started on 2020-05-07 09:34:34-0500
]0;jacob@DESKTOP-QKT72KA: ~/214/labs/extraCredit[01;32mjacob@DESKTOP-QKT72KA[00m:[01;34m~/214/labs/extraCredit[00m$ clojure
Clojure 1.10.1
user=> ((fn [x y z] (max (Math/abs x) (Math/abs y) (Math/. abs z))) 2 4 6)
6
user=> ((fn [x y z] (max (Math/abs x) (Math/abs y) (Math/abs z))) 2 4 6)^[[D^[[D              -20 4 5)
20
user=> ((fn [x y z] (max (Math/abs x) (Math/abs y) (Math/abs z))) 2 4 6)      -1 -2- ^[[2~        -3)
3
user=> 
]0;jacob@DESKTOP-QKT72KA: ~/214/labs/extraCredit[01;32mjacob@DESKTOP-QKT72KA[00m:[01;34m~/214/labs/extraCredit[00m$ exit

Script done on 2020-05-07 09:35:59-0500
Script started on 2020-05-07 09:36:17-0500
]0;jacob@DESKTOP-QKT72KA: ~/214/labs/extraCredit[01;32mjacob@DESKTOP-QKT72KA[00m:[01;34m~/214/labs/extraCredit[00m$ clojure
Clojure 1.10.1
user=> ((fn [x y z] (+ x y z)) 1 2 3)
6
user=> ((fn [x] (nil? x)) 1)
false
user=> ((fn [x] (nil? x)) nil)
true
user=> ((fn [] 17.2))
17.2
user=> 
]0;jacob@DESKTOP-QKT72KA: ~/214/labs/extraCredit[01;32mjacob@DESKTOP-QKT72KA[00m:[01;34m~/214/labs/extraCredit[00m$ exit

Script done on 2020-05-07 09:37:48-0500
Script started on 2020-05-07 09:39:24-0500
]0;jacob@DESKTOP-QKT72KA: ~/214/labs/extraCredit[01;32mjacob@DESKTOP-QKT72KA[00m:[01;34m~/214/labs/extraCredit[00m$ clojure
Clojure 1.10.1
user=> (Def     def triple (fn [x] (* x 3)))
#'user/triple
user=> (triop  ple 4)
12
user=> (#(* % 3) 4)
12
user=> (# #(+ (* %1 %1) (* %2 %2)) 3 4)
25
user=> (def sum2Squares #(+ (* %1 %1) (* %2 %2)))
#'user/sum2Squares
user=> (sum2Squares 3 4)
25
user=> 
]0;jacob@DESKTOP-QKT72KA: ~/214/labs/extraCredit[01;32mjacob@DESKTOP-QKT72KA[00m:[01;34m~/214/labs/extraCredit[00m$ exit

Script done on 2020-05-07 09:42:53-0500
Script started on 2020-05-07 09:44:35-0500
]0;jacob@DESKTOP-QKT72KA: ~/214/labs/extraCredit[01;32mjacob@DESKTOP-QKT72KA[00m:[01;34m~/214/labs/extraCredit[00m$ clojure
Clojure 1.10.1
user=> (def squareSquare #(* (* % %) (* % %)))
#'user/squareSquare
user=> (squareSquare 2)
16
user=> (squareSqau  uare 3)
81
user=> 
]0;jacob@DESKTOP-QKT72KA: ~/214/labs/extraCredit[01;32mjacob@DESKTOP-QKT72KA[00m:[01;34m~/214/labs/extraCredit[00m$ exit

Script done on 2020-05-07 09:45:01-0500
Script started on 2020-05-07 09:45:47-0500
]0;jacob@DESKTOP-QKT72KA: ~/214/labs/extraCredit[01;32mjacob@DESKTOP-QKT72KA[00m:[01;34m~/214/labs/extraCredit[00m$ clojure
Clojure 1.10.1
user=> (map inc [1 2 3 4])
(2 3 4 5)
user=> (map - [1 2 3 4])
(-1 -2 -3 -4)
user=> (map - [1 2 3 4] [1 2 3 4])
(0 0 0 0)
user=> (map even? [1 2 3 4])
(false true false true)
user=> (map str ["a" "b" "c"] ["A" "B" "C"])
("aA" "bB" "cC")
user=> map count [[11] [11 22] [11 22 33]])
#object[clojure.core$map 0x466d49f0 "clojure.core$map@466d49f0"]
#object[clojure.core$count 0x2d7e1102 "clojure.core$count@2d7e1102"]
[[11] [11 22] [11 22 33]]
Syntax error reading source at (REPL:6:37).
Unmatched delimiter: )
user=> (map count [[11] [11 22] [11 22 33]])
(1 2 3)
user=> (map + [1 2 3 4] [1 2 3 4])
(2 4 6 8)
user=> (map * [1 2 3 4] [1 2 3 4])
(1 4 9 16)
user=> (Math/abs -3)
3
user=> (map Math/abs [-1 2 -3 4 -5])
Syntax error compiling at (REPL:1:1).
Unable to find static field: abs in class java.lang.Math
user=> (map (fn [x] (if (< x 0) (- x) x)) [                                    (map (fn [x] (if (< x 0) (- x) x)) [-1 2 -3 4 -5])
(1 2 3 4 5)
user=>  (defn subtract-n [n sequence]
   	(map (fn [x] (- x n)) sequence)
   )
#'user/subtract-n
user=> (subtract-n 2 [5 6 7 8])
(3 4 5 6)
user=> (filter odd? [1 2 3 4])
(1 3)
user=> (filter even? [1 2 3 4])
(2 4)
user=> (filter neg? [1 2 3 4])
()
user=> (filter neg? [-1 1 -2 2 -3 3])
(-1 -2 -3)
user=> (filter pos?  [-1 1 -2 2 -3 3])
(1 2 3)
user=> (filter (fn [x] (and (pos? x) (even? x))) [-1 1 -2 2 -3 3 -4 4])
(2 4)
user=> (filter (fn [x] (and (pos? x) (even? x))) [-1 1 -2 2 -3 3 -4 4])                                                                (filter (fn [x] (or (neg? x) (odd? x))) [-1 1 -2 2 -3 3 -4 4])
(-1 1 -2 -3 3 -4)
user=> 
]0;jacob@DESKTOP-QKT72KA: ~/214/labs/extraCredit[01;32mjacob@DESKTOP-QKT72KA[00m:[01;34m~/214/labs/extraCredit[00m$ exit

Script done on 2020-05-07 09:53:27-0500
Script started on 2020-05-07 09:58:52-0500
]0;jacob@DESKTOP-QKT72KA: ~/214/labs/extraCredit[01;32mjacob@DESKTOP-QKT72KA[00m:[01;34m~/214/labs/extraCredit[00m$ s[Kclojure
Clojure 1.10.1
user=> (defrm        (def negate #(map (fn [x] (- 0 x)) %))
#'user/negate
user=> (ng egate [-1 2 -3])
(1 -2 3)
user=> (negatte  e [ -4 5 -6])
(4 -5 6)
user=> 
]0;jacob@DESKTOP-QKT72KA: ~/214/labs/extraCredit[01;32mjacob@DESKTOP-QKT72KA[00m:[01;34m~/214/labs/extraCredit[00m$ exit

Script done on 2020-05-07 10:14:00-0500
Script started on 2020-05-07 10:14:42-0500
]0;jacob@DESKTOP-QKT72KA: ~/214/labs/extraCredit[01;32mjacob@DESKTOP-QKT72KA[00m:[01;34m~/214/labs/extraCredit[00m$ clojure
Clojure 1.10.1
user=> (reduce + [1 2 3])
6
user=> (reduce + '(1 2 3))
6
user=> (reduce max [1 2 3])
3
user=> (reduce conj [1 2 3] [4 5 6])
[1 2 3 4 5 6]
user=> (reduce + [1 2 3 4 5])
15
user=> (reduce + 1 [2 3 4 5])
15
user=> (reduce + 1 '(2 3 4 5))
15
user=> (reduce max 5 [4 3 2 1])
5
user=> (reduce bit-or [1 2 3 4])
7
user=> (reduce str ["a" "b" "c"])
"abc"
user=> (reduce + 1 2 [3 4 5])
Execution error (ArityException) at user/eval21 (REPL:1).
Wrong number of args (4) passed to: clojure.core/reduce
user=> (reduce + 1 '(2 3 4) 5)
Execution error (ArityException) at user/eval23 (REPL:1).
Wrong number of args (4) passed to: clojure.core/reduce
user=> (defn csv [seq]  
      (reduce (fn [a b] (str a "," b)) seq)
   )
#'user/csv
user=> (csv [11 22 33])
"11,22,33"
user=> (defn totalItems [seqOfSeqs]
   (reduce + (map count seqOfSeqs))
  )
#'user/totalItems
user=> (totalItems [["Ann"] ["Bob" "Chris"] ["Dan" "Eve" "Fred"]])
6
user=> 
]0;jacob@DESKTOP-QKT72KA: ~/214/labs/extraCredit[01;32mjacob@DESKTOP-QKT72KA[00m:[01;34m~/214/labs/extraCredit[00m$ exit

Script done on 2020-05-07 10:20:48-0500
Script started on 2020-05-07 10:24:31-0500
]0;jacob@DESKTOP-QKT72KA: ~/214/labs/extraCredit[01;32mjacob@DESKTOP-QKT72KA[00m:[01;34m~/214/labs/extraCredit[00m$ clojure
Clojure 1.10.1
user=> (defn sumSquares [seq] (reduce + (map (fn [x] (* x x)) seq)))
#'user/sumSquares
user=> (sumSquares [             (sumSquares '(1 2 3))
14
user=> (sumSquares '(1 2 3 4 5)) 
55
user=>  (sumSquares [-1 -2 -3 0 1])
15
user=> 
]0;jacob@DESKTOP-QKT72KA: ~/214/labs/extraCredit[01;32mjacob@DESKTOP-QKT72KA[00m:[01;34m~/214/labs/extraCredit[00m$ exit

Script done on 2020-05-07 10:25:13-0500
Script started on 2020-05-07 10:25:54-0500
]0;jacob@DESKTOP-QKT72KA: ~/214/labs/extraCredit[01;32mjacob@DESKTOP-QKT72KA[00m:[01;34m~/214/labs/extraCredit[00m$ clojure
Clojure 1.10.1
user=> (defn incMaker [incValue]
   #(+ % incValue)
)
#'user/incMaker
user=> (def inc5 (incMaker 5))
#'user/inc5
user=> (inc5 4)
9
user=> (inc5 2)
7
user=> (defn greetingBuilder [greeting]
   (fn [visitor]
      (str greeting ", " visitor "!")
   )
)
#'user/greetingBuilder
user=> (def csGreeting (greetingBuilder "Welcome to CS 214"))
#'user/csGreeting
user=> (def englishGreeting (greetingBuilder "Hello"))
#'user/englishGreeting
user=> (def frenchGreeting (greetingBuilder "Bonjour"))
#'user/frenchGreeting
user=> (csGreeting "Ann")
"Welcome to CS 214, Ann!"
user=> (englishGreeting "Chris")
"Hello, Chris!"
user=> (frenchGreeting "Chris")
"Bonjour, Chris!"
user=> 
]0;jacob@DESKTOP-QKT72KA: ~/214/labs/extraCredit[01;32mjacob@DESKTOP-QKT72KA[00m:[01;34m~/214/labs/extraCredit[00m$ exit

Script done on 2020-05-07 10:28:38-0500
